OctoTFS.Tests.resources.tasks.CreateOctopusRelease.task.json
	'OctoConnectedServiceName': connectedService:OctopusEndpoint
	'Space': string
	'ProjectName': pickList
	'ReleaseNumber': string
	'Channel': pickList
	'ChangesetCommentReleaseNotes': boolean
	'WorkItemReleaseNotes': boolean
	'CustomReleaseNotes': string
	'DeployToEnvironment': pickList
	'DeployForTenants': pickList
	'DeployForTenantTags': string
	'DeploymentProgress': boolean
	'AdditionalArguments': string
OctoTFS.Tests.resources.tasks.Deploy.task.json
	'OctoConnectedServiceName': connectedService:OctopusEndpoint
	'Space': string
	'Project': pickList
	'ReleaseNumber': string
	'Environments': pickList
	'ShowProgress': boolean
	'DeployForTenants': pickList
	'DeployForTenantTags': string
	'AdditionalArguments': string
OctoTFS.Tests.resources.tasks.OctoCli.task.json
	'OctoConnectedServiceName': connectedService:OctopusEndpoint
	'command': string
	'args': string
OctoTFS.Tests.resources.tasks.OctoInstaller.task.json
	'version': string
OctoTFS.Tests.resources.tasks.Pack.task.json
	'PackageId': string
	'PackageFormat': pickList
	'PackageVersion': string
	'SourcePath': filePath
	'OutputPath': filePath
	'NuGetAuthor': string
	'NuGetTitle': string
	'NuGetDescription': string
	'NuGetReleaseNotes': string
	'NuGetReleaseNotesFile': filePath
	'Include': multiLine
	'Overwrite': boolean
	'ListFiles': boolean
	'CompressionLevel': pickList
	'AdditionalArguments': string
OctoTFS.Tests.resources.tasks.Promote.task.json
	'OctoConnectedServiceName': connectedService:OctopusEndpoint
	'Space': string
	'Project': pickList
	'From': pickList
	'To': pickList
	'ShowProgress': boolean
	'DeployForTenants': pickList
	'DeployForTenantTags': string
	'AdditionalArguments': string
OctoTFS.Tests.resources.tasks.Push.task.json
	'OctoConnectedServiceName': connectedService:OctopusEndpoint
	'Space': string
	'Package': multiLine
	'Replace': boolean
	'AdditionalArguments': string
